test input
error => at ../testdata/cpsio_direct_warning.anma:6:15: `read_all_cps`
	at ../testdata/cpsio_direct_warning.anma:1:38: `read_all_cps`
	at ../testdata/cpsio_direct_warning.anma:7:10: `print_cps`
	at ../testdata/cpsio_direct_warning.anma:2:38: `print_cps`
	at ../testdata/cpsio_direct_warning.anma:8:5: `exit`
	exit(0)
