test input
error => at 6: `read_all_cps`
	at 7: `print_cps`
	at 8: `exit`
	exit(0)
