(def printer (codata (clause (access # print) (lambda (x) (prim print (var x))))))
(def main (codata (clause (call #) (call (access (var printer) print) (literal 1)))))
