(def f (codata (clause (access (access (call # (var x)) h) h) (seq (var x))) (clause (access (call # (literal 0)) h) (seq (literal 1)))))
(def main (codata (clause (call #) (seq (prim print (access (call (var f) (literal 0)) h)) (prim print (access (access (call (var f) (literal 1)) h) h))))))
