(def f (codata (clause (call # (tuple (var x) (var y))) (seq (prim add (var x) (var y))))))
(def main (codata (clause (call #) (seq (prim print (call (var f) (tuple (literal 1) (literal 2))))))))
