(infix infixl 6 +.0)
(infix infixl 8 *.1)
(def +.0 (lambda (x0.3 x1.4) (case ((var x0.3) (var x1.4)) (clause ((var x.5) (var y.6)) (seq (prim add (var x.5) (var y.6)))))))
(def *.1 (lambda (x0.7 x1.8) (case ((var x0.7) (var x1.8)) (clause ((var x.9) (var y.10)) (seq (prim mul (var x.9) (var y.10)))))))
(def main.2 (lambda () (seq (binary (binary (literal 1) *.1 (literal 2)) +.0 (literal 3)))))
