(def printer.0 (object (field print (seq (lambda (x.2) (seq (prim print (var x.2))))))))
(def main.1 (lambda () (seq (call (access (var printer.0) print) (literal 1)))))
