(type (call (var Option.0) (var c.1)) (call (var None.2)) (call (var Some.3) (var c.1)))
(type (call (var List.4) (var d.5)) (call (var Nil.6)) (call (var Cons.7) (var d.5) (call (var List.4) (var d.5))))
(def vendor.8 (lambda (x0.10) (object (field get (case ((var x0.10)) (clause (var items.11) (call (var None.2))))) (field put (object (field get (case ((var x0.10)) (clause (call (var Nil.6)) (prim print (literal "Nil case")) (prim print (call (var Nil.6))) (call (var None.2))) (clause (call (var Cons.7) (var x.12) (var xs.13)) (prim print (literal "Cons case")) (prim print (call (var Cons.7) (var x.12) (var xs.13))) (call (var Some.3) (var x.12))))) (field put (case ((var x0.10)) (clause (var items.14) (access (call (var vendor.8) (var items.14)) put)))))))))
(def main.9 (lambda () (prim print (access (access (call (var vendor.8) (call (var Cons.7) (literal 0) (call (var Nil.6)))) put) get))))
