DEF "def" ../testdata/cpsio_direct.anma:1:1
IDENT "read_all_cps" ../testdata/cpsio_direct.anma:1:5
EQUAL "=" ../testdata/cpsio_direct.anma:1:18
LEFTBRACE "{" ../testdata/cpsio_direct.anma:1:20
SHARP "#" ../testdata/cpsio_direct.anma:1:22
LEFTPAREN "(" ../testdata/cpsio_direct.anma:1:23
RIGHTPAREN ")" ../testdata/cpsio_direct.anma:1:24
LEFTPAREN "(" ../testdata/cpsio_direct.anma:1:25
IDENT "cont" ../testdata/cpsio_direct.anma:1:26
RIGHTPAREN ")" ../testdata/cpsio_direct.anma:1:30
ARROW "->" ../testdata/cpsio_direct.anma:1:32
PRIM "prim" ../testdata/cpsio_direct.anma:1:35
LEFTPAREN "(" ../testdata/cpsio_direct.anma:1:39
IDENT "read_all_cps" ../testdata/cpsio_direct.anma:1:40
COMMA "," ../testdata/cpsio_direct.anma:1:52
IDENT "cont" ../testdata/cpsio_direct.anma:1:54
RIGHTPAREN ")" ../testdata/cpsio_direct.anma:1:58
RIGHTBRACE "}" ../testdata/cpsio_direct.anma:1:60
DEF "def" ../testdata/cpsio_direct.anma:2:1
IDENT "print_cps" ../testdata/cpsio_direct.anma:2:5
EQUAL "=" ../testdata/cpsio_direct.anma:2:15
LEFTBRACE "{" ../testdata/cpsio_direct.anma:2:17
SHARP "#" ../testdata/cpsio_direct.anma:2:19
LEFTPAREN "(" ../testdata/cpsio_direct.anma:2:20
IDENT "s" ../testdata/cpsio_direct.anma:2:21
RIGHTPAREN ")" ../testdata/cpsio_direct.anma:2:22
LEFTPAREN "(" ../testdata/cpsio_direct.anma:2:23
IDENT "cont" ../testdata/cpsio_direct.anma:2:24
RIGHTPAREN ")" ../testdata/cpsio_direct.anma:2:28
ARROW "->" ../testdata/cpsio_direct.anma:2:30
PRIM "prim" ../testdata/cpsio_direct.anma:2:33
LEFTPAREN "(" ../testdata/cpsio_direct.anma:2:37
IDENT "print_cps" ../testdata/cpsio_direct.anma:2:38
COMMA "," ../testdata/cpsio_direct.anma:2:47
IDENT "s" ../testdata/cpsio_direct.anma:2:49
COMMA "," ../testdata/cpsio_direct.anma:2:50
IDENT "cont" ../testdata/cpsio_direct.anma:2:52
RIGHTPAREN ")" ../testdata/cpsio_direct.anma:2:56
RIGHTBRACE "}" ../testdata/cpsio_direct.anma:2:58
DEF "def" ../testdata/cpsio_direct.anma:3:1
IDENT "exit" ../testdata/cpsio_direct.anma:3:5
EQUAL "=" ../testdata/cpsio_direct.anma:3:10
LEFTBRACE "{" ../testdata/cpsio_direct.anma:3:12
PRIM "prim" ../testdata/cpsio_direct.anma:3:14
LEFTPAREN "(" ../testdata/cpsio_direct.anma:3:18
IDENT "exit" ../testdata/cpsio_direct.anma:3:19
RIGHTPAREN ")" ../testdata/cpsio_direct.anma:3:23
RIGHTBRACE "}" ../testdata/cpsio_direct.anma:3:25
DEF "def" ../testdata/cpsio_direct.anma:5:1
IDENT "main" ../testdata/cpsio_direct.anma:5:5
EQUAL "=" ../testdata/cpsio_direct.anma:5:10
LEFTBRACE "{" ../testdata/cpsio_direct.anma:5:12
WITH "with" ../testdata/cpsio_direct.anma:6:5
IDENT "s" ../testdata/cpsio_direct.anma:6:10
BACKARROW "<-" ../testdata/cpsio_direct.anma:6:12
IDENT "read_all_cps" ../testdata/cpsio_direct.anma:6:15
LEFTPAREN "(" ../testdata/cpsio_direct.anma:6:27
RIGHTPAREN ")" ../testdata/cpsio_direct.anma:6:28
SEMICOLON ";" ../testdata/cpsio_direct.anma:6:29
WITH "with" ../testdata/cpsio_direct.anma:7:5
IDENT "print_cps" ../testdata/cpsio_direct.anma:7:10
LEFTPAREN "(" ../testdata/cpsio_direct.anma:7:19
IDENT "s" ../testdata/cpsio_direct.anma:7:20
RIGHTPAREN ")" ../testdata/cpsio_direct.anma:7:21
SEMICOLON ";" ../testdata/cpsio_direct.anma:7:22
IDENT "exit" ../testdata/cpsio_direct.anma:8:5
LEFTPAREN "(" ../testdata/cpsio_direct.anma:8:9
RIGHTPAREN ")" ../testdata/cpsio_direct.anma:8:10
RIGHTBRACE "}" ../testdata/cpsio_direct.anma:9:1
EOF "" ../testdata/cpsio_direct.anma:9:2
