DEF "def" ../testdata/fib.anma:1:1
OPERATOR "+" ../testdata/fib.anma:1:5
EQUAL "=" ../testdata/fib.anma:1:7
LEFTBRACE "{" ../testdata/fib.anma:1:9
SHARP "#" ../testdata/fib.anma:1:11
LEFTPAREN "(" ../testdata/fib.anma:1:12
IDENT "x" ../testdata/fib.anma:1:13
COMMA "," ../testdata/fib.anma:1:14
IDENT "y" ../testdata/fib.anma:1:16
COMMA "," ../testdata/fib.anma:1:17
RIGHTPAREN ")" ../testdata/fib.anma:1:18
ARROW "->" ../testdata/fib.anma:1:20
PRIM "prim" ../testdata/fib.anma:1:23
LEFTPAREN "(" ../testdata/fib.anma:1:27
IDENT "add" ../testdata/fib.anma:1:28
COMMA "," ../testdata/fib.anma:1:31
IDENT "x" ../testdata/fib.anma:1:33
COMMA "," ../testdata/fib.anma:1:34
IDENT "y" ../testdata/fib.anma:1:36
RIGHTPAREN ")" ../testdata/fib.anma:1:37
RIGHTBRACE "}" ../testdata/fib.anma:1:39
DEF "def" ../testdata/fib.anma:2:1
IDENT "zipWith" ../testdata/fib.anma:2:5
EQUAL "=" ../testdata/fib.anma:2:13
LEFTBRACE "{" ../testdata/fib.anma:2:15
SHARP "#" ../testdata/fib.anma:3:3
LEFTPAREN "(" ../testdata/fib.anma:3:4
IDENT "f" ../testdata/fib.anma:3:5
COMMA "," ../testdata/fib.anma:3:6
IDENT "xs" ../testdata/fib.anma:3:8
COMMA "," ../testdata/fib.anma:3:10
IDENT "ys" ../testdata/fib.anma:3:12
RIGHTPAREN ")" ../testdata/fib.anma:3:14
DOT "." ../testdata/fib.anma:3:15
IDENT "head" ../testdata/fib.anma:3:16
ARROW "->" ../testdata/fib.anma:3:21
IDENT "f" ../testdata/fib.anma:3:24
LEFTPAREN "(" ../testdata/fib.anma:3:25
IDENT "xs" ../testdata/fib.anma:3:26
DOT "." ../testdata/fib.anma:3:28
IDENT "head" ../testdata/fib.anma:3:29
COMMA "," ../testdata/fib.anma:3:33
IDENT "ys" ../testdata/fib.anma:3:35
DOT "." ../testdata/fib.anma:3:37
IDENT "head" ../testdata/fib.anma:3:38
RIGHTPAREN ")" ../testdata/fib.anma:3:42
COMMA "," ../testdata/fib.anma:3:43
SHARP "#" ../testdata/fib.anma:4:3
LEFTPAREN "(" ../testdata/fib.anma:4:4
IDENT "f" ../testdata/fib.anma:4:5
COMMA "," ../testdata/fib.anma:4:6
IDENT "xs" ../testdata/fib.anma:4:8
COMMA "," ../testdata/fib.anma:4:10
IDENT "ys" ../testdata/fib.anma:4:12
RIGHTPAREN ")" ../testdata/fib.anma:4:14
DOT "." ../testdata/fib.anma:4:15
IDENT "tail" ../testdata/fib.anma:4:16
ARROW "->" ../testdata/fib.anma:4:21
IDENT "zipWith" ../testdata/fib.anma:4:24
LEFTPAREN "(" ../testdata/fib.anma:4:31
IDENT "f" ../testdata/fib.anma:4:32
COMMA "," ../testdata/fib.anma:4:33
IDENT "xs" ../testdata/fib.anma:4:35
DOT "." ../testdata/fib.anma:4:37
IDENT "tail" ../testdata/fib.anma:4:38
COMMA "," ../testdata/fib.anma:4:42
IDENT "ys" ../testdata/fib.anma:4:44
DOT "." ../testdata/fib.anma:4:46
IDENT "tail" ../testdata/fib.anma:4:47
RIGHTPAREN ")" ../testdata/fib.anma:4:51
COMMA "," ../testdata/fib.anma:4:52
RIGHTBRACE "}" ../testdata/fib.anma:5:1
DEF "def" ../testdata/fib.anma:6:1
IDENT "fib" ../testdata/fib.anma:6:5
EQUAL "=" ../testdata/fib.anma:6:9
LEFTBRACE "{" ../testdata/fib.anma:6:11
SHARP "#" ../testdata/fib.anma:7:3
DOT "." ../testdata/fib.anma:7:4
IDENT "head" ../testdata/fib.anma:7:5
ARROW "->" ../testdata/fib.anma:7:10
INTEGER "1" ../testdata/fib.anma:7:13
COMMA "," ../testdata/fib.anma:7:14
SHARP "#" ../testdata/fib.anma:8:3
DOT "." ../testdata/fib.anma:8:4
IDENT "tail" ../testdata/fib.anma:8:5
DOT "." ../testdata/fib.anma:8:9
IDENT "head" ../testdata/fib.anma:8:10
ARROW "->" ../testdata/fib.anma:8:15
INTEGER "1" ../testdata/fib.anma:8:18
COMMA "," ../testdata/fib.anma:8:19
SHARP "#" ../testdata/fib.anma:9:3
DOT "." ../testdata/fib.anma:9:4
IDENT "tail" ../testdata/fib.anma:9:5
DOT "." ../testdata/fib.anma:9:9
IDENT "tail" ../testdata/fib.anma:9:10
ARROW "->" ../testdata/fib.anma:9:15
IDENT "zipWith" ../testdata/fib.anma:9:18
LEFTPAREN "(" ../testdata/fib.anma:9:25
LEFTBRACE "{" ../testdata/fib.anma:9:26
SHARP "#" ../testdata/fib.anma:9:27
LEFTPAREN "(" ../testdata/fib.anma:9:28
IDENT "x" ../testdata/fib.anma:9:29
COMMA "," ../testdata/fib.anma:9:30
IDENT "y" ../testdata/fib.anma:9:32
RIGHTPAREN ")" ../testdata/fib.anma:9:33
ARROW "->" ../testdata/fib.anma:9:35
IDENT "x" ../testdata/fib.anma:9:38
OPERATOR "+" ../testdata/fib.anma:9:40
IDENT "y" ../testdata/fib.anma:9:42
RIGHTBRACE "}" ../testdata/fib.anma:9:43
COMMA "," ../testdata/fib.anma:9:44
IDENT "fib" ../testdata/fib.anma:9:46
COMMA "," ../testdata/fib.anma:9:49
IDENT "fib" ../testdata/fib.anma:9:51
DOT "." ../testdata/fib.anma:9:54
IDENT "tail" ../testdata/fib.anma:9:55
RIGHTPAREN ")" ../testdata/fib.anma:9:59
COMMA "," ../testdata/fib.anma:9:60
RIGHTBRACE "}" ../testdata/fib.anma:10:1
DEF "def" ../testdata/fib.anma:11:1
IDENT "main" ../testdata/fib.anma:11:5
EQUAL "=" ../testdata/fib.anma:11:10
LEFTBRACE "{" ../testdata/fib.anma:11:12
SHARP "#" ../testdata/fib.anma:11:14
LEFTPAREN "(" ../testdata/fib.anma:11:15
RIGHTPAREN ")" ../testdata/fib.anma:11:16
ARROW "->" ../testdata/fib.anma:11:18
PRIM "prim" ../testdata/fib.anma:11:21
LEFTPAREN "(" ../testdata/fib.anma:11:25
IDENT "print" ../testdata/fib.anma:11:26
COMMA "," ../testdata/fib.anma:11:31
IDENT "fib" ../testdata/fib.anma:11:33
DOT "." ../testdata/fib.anma:11:36
IDENT "tail" ../testdata/fib.anma:11:37
DOT "." ../testdata/fib.anma:11:41
IDENT "tail" ../testdata/fib.anma:11:42
DOT "." ../testdata/fib.anma:11:46
IDENT "tail" ../testdata/fib.anma:11:47
DOT "." ../testdata/fib.anma:11:51
IDENT "head" ../testdata/fib.anma:11:52
RIGHTPAREN ")" ../testdata/fib.anma:11:56
RIGHTBRACE "}" ../testdata/fib.anma:11:58
EOF "" ../testdata/fib.anma:11:59
