INFIXL "infixl" ../testdata/infix2.anma:1:1
INTEGER "6" ../testdata/infix2.anma:1:8
OPERATOR "+" ../testdata/infix2.anma:1:10
INFIXL "infixl" ../testdata/infix2.anma:2:1
INTEGER "8" ../testdata/infix2.anma:2:8
OPERATOR "*" ../testdata/infix2.anma:2:10
DEF "def" ../testdata/infix2.anma:3:1
OPERATOR "+" ../testdata/infix2.anma:3:5
EQUAL "=" ../testdata/infix2.anma:3:7
LEFTBRACE "{" ../testdata/infix2.anma:3:9
LEFTPAREN "(" ../testdata/infix2.anma:3:11
IDENT "x" ../testdata/infix2.anma:3:12
COMMA "," ../testdata/infix2.anma:3:13
IDENT "y" ../testdata/infix2.anma:3:15
RIGHTPAREN ")" ../testdata/infix2.anma:3:16
ARROW "->" ../testdata/infix2.anma:3:18
PRIM "prim" ../testdata/infix2.anma:3:21
LEFTPAREN "(" ../testdata/infix2.anma:3:25
IDENT "add" ../testdata/infix2.anma:3:26
COMMA "," ../testdata/infix2.anma:3:29
IDENT "x" ../testdata/infix2.anma:3:31
COMMA "," ../testdata/infix2.anma:3:32
IDENT "y" ../testdata/infix2.anma:3:34
RIGHTPAREN ")" ../testdata/infix2.anma:3:35
RIGHTBRACE "}" ../testdata/infix2.anma:3:37
DEF "def" ../testdata/infix2.anma:4:1
OPERATOR "*" ../testdata/infix2.anma:4:5
EQUAL "=" ../testdata/infix2.anma:4:7
LEFTBRACE "{" ../testdata/infix2.anma:4:9
LEFTPAREN "(" ../testdata/infix2.anma:4:11
IDENT "x" ../testdata/infix2.anma:4:12
COMMA "," ../testdata/infix2.anma:4:13
IDENT "y" ../testdata/infix2.anma:4:15
RIGHTPAREN ")" ../testdata/infix2.anma:4:16
ARROW "->" ../testdata/infix2.anma:4:18
PRIM "prim" ../testdata/infix2.anma:4:21
LEFTPAREN "(" ../testdata/infix2.anma:4:25
IDENT "mul" ../testdata/infix2.anma:4:26
COMMA "," ../testdata/infix2.anma:4:29
IDENT "x" ../testdata/infix2.anma:4:31
COMMA "," ../testdata/infix2.anma:4:32
IDENT "y" ../testdata/infix2.anma:4:34
RIGHTPAREN ")" ../testdata/infix2.anma:4:35
RIGHTBRACE "}" ../testdata/infix2.anma:4:37
DEF "def" ../testdata/infix2.anma:5:1
IDENT "main" ../testdata/infix2.anma:5:5
EQUAL "=" ../testdata/infix2.anma:5:10
LEFTBRACE "{" ../testdata/infix2.anma:5:12
INTEGER "1" ../testdata/infix2.anma:5:14
OPERATOR "*" ../testdata/infix2.anma:5:16
INTEGER "2" ../testdata/infix2.anma:5:18
OPERATOR "+" ../testdata/infix2.anma:5:20
INTEGER "3" ../testdata/infix2.anma:5:22
RIGHTBRACE "}" ../testdata/infix2.anma:5:24
EOF "" ../testdata/infix2.anma:5:25
