DEF "def" 1
IDENT "printer" 1
EQUAL "=" 1
LEFTBRACE "{" 1
SHARP "#" 2
DOT "." 2
IDENT "print" 2
ARROW "->" 2
FN "fn" 2
LEFTPAREN "(" 2
IDENT "x" 2
RIGHTPAREN ")" 2
LEFTBRACE "{" 2
PRIM "prim" 2
LEFTPAREN "(" 2
IDENT "print" 2
COMMA "," 2
IDENT "x" 2
RIGHTPAREN ")" 2
RIGHTBRACE "}" 2
COMMA "," 2
RIGHTBRACE "}" 3
DEF "def" 4
IDENT "main" 4
EQUAL "=" 4
LEFTBRACE "{" 4
SHARP "#" 4
LEFTPAREN "(" 4
RIGHTPAREN ")" 4
ARROW "->" 4
IDENT "printer" 4
DOT "." 4
IDENT "print" 4
LEFTPAREN "(" 4
INTEGER "1" 4
RIGHTPAREN ")" 4
RIGHTBRACE "}" 4
EOF "" 4
