DEF "def" ../testdata/redundant2.anma:1:1
IDENT "f" ../testdata/redundant2.anma:1:5
EQUAL "=" ../testdata/redundant2.anma:1:7
LEFTBRACE "{" ../testdata/redundant2.anma:1:9
SHARP "#" ../testdata/redundant2.anma:2:5
LEFTPAREN "(" ../testdata/redundant2.anma:2:6
IDENT "x" ../testdata/redundant2.anma:2:7
RIGHTPAREN ")" ../testdata/redundant2.anma:2:8
DOT "." ../testdata/redundant2.anma:2:9
IDENT "h" ../testdata/redundant2.anma:2:10
DOT "." ../testdata/redundant2.anma:2:11
IDENT "h" ../testdata/redundant2.anma:2:12
ARROW "->" ../testdata/redundant2.anma:2:14
IDENT "x" ../testdata/redundant2.anma:2:17
COMMA "," ../testdata/redundant2.anma:2:18
SHARP "#" ../testdata/redundant2.anma:3:5
LEFTPAREN "(" ../testdata/redundant2.anma:3:6
INTEGER "0" ../testdata/redundant2.anma:3:7
RIGHTPAREN ")" ../testdata/redundant2.anma:3:8
DOT "." ../testdata/redundant2.anma:3:9
IDENT "h" ../testdata/redundant2.anma:3:10
ARROW "->" ../testdata/redundant2.anma:3:12
INTEGER "1" ../testdata/redundant2.anma:3:15
COMMA "," ../testdata/redundant2.anma:3:16
RIGHTBRACE "}" ../testdata/redundant2.anma:4:1
DEF "def" ../testdata/redundant2.anma:6:1
IDENT "main" ../testdata/redundant2.anma:6:5
EQUAL "=" ../testdata/redundant2.anma:6:10
LEFTBRACE "{" ../testdata/redundant2.anma:6:12
PRIM "prim" ../testdata/redundant2.anma:7:5
LEFTPAREN "(" ../testdata/redundant2.anma:7:9
IDENT "print" ../testdata/redundant2.anma:7:10
COMMA "," ../testdata/redundant2.anma:7:15
IDENT "f" ../testdata/redundant2.anma:7:17
LEFTPAREN "(" ../testdata/redundant2.anma:7:18
INTEGER "0" ../testdata/redundant2.anma:7:19
RIGHTPAREN ")" ../testdata/redundant2.anma:7:20
DOT "." ../testdata/redundant2.anma:7:21
IDENT "h" ../testdata/redundant2.anma:7:22
RIGHTPAREN ")" ../testdata/redundant2.anma:7:23
SEMICOLON ";" ../testdata/redundant2.anma:7:24
PRIM "prim" ../testdata/redundant2.anma:8:5
LEFTPAREN "(" ../testdata/redundant2.anma:8:9
IDENT "print" ../testdata/redundant2.anma:8:10
COMMA "," ../testdata/redundant2.anma:8:15
IDENT "f" ../testdata/redundant2.anma:8:17
LEFTPAREN "(" ../testdata/redundant2.anma:8:18
INTEGER "1" ../testdata/redundant2.anma:8:19
RIGHTPAREN ")" ../testdata/redundant2.anma:8:20
DOT "." ../testdata/redundant2.anma:8:21
IDENT "h" ../testdata/redundant2.anma:8:22
DOT "." ../testdata/redundant2.anma:8:23
IDENT "h" ../testdata/redundant2.anma:8:24
RIGHTPAREN ")" ../testdata/redundant2.anma:8:25
SEMICOLON ";" ../testdata/redundant2.anma:8:26
RIGHTBRACE "}" ../testdata/redundant2.anma:9:1
EOF "" ../testdata/redundant2.anma:9:2
