(infix infixl 6 +)
(infix infixl 8 *)
(def + (lambda (arg0 arg1) (case ((var arg0) (var arg1)) (clause ((var x) (var y)) (seq (prim add (var x) (var y)))))))
(def * (lambda (arg0 arg1) (case ((var arg0) (var arg1)) (clause ((var x) (var y)) (seq (prim mul (var x) (var y)))))))
(def main (lambda () (seq (binary (binary (literal 1) + (literal 2)) * (literal 3)))))
