(infix infixl 6 +)
(infix infixl 8 *)
(def + (lambda () (seq (prim add (var x) (var y)))))
(def * (lambda () (seq (prim mul (var x) (var y)))))
(def main (lambda () (seq (binary (literal 1) * (paren (binary (literal 2) + (literal 3)))))))
