(def printer (object (field print (seq (lambda (x) (seq (prim print (var x))))))))
(def main (lambda () (seq (call (access (var printer) print) (literal 1)))))
