(type (call (var Option) (var c)) (call (var None)) (call (var Some) (var c)))
(type (call (var List) (var d)) (call (var Nil)) (call (var Cons) (var d) (call (var List) (var d))))
(def vendor (lambda () (object (field get (seq (call (var None)))) (field put (object (field get (seq (prim print (literal "Nil case")) (prim print (call (var Nil))) (call (var None)))) (field put (seq (access (call (var vendor) (var items)) put))))))))
(def main (lambda () (seq (prim print (access (access (call (var vendor) (call (var Cons) (literal 0) (call (var Nil)))) put) get)))))
