(def printer (object (field print (lambda (x) (prim print (var x))))))
(def main (lambda () (call (access (var printer) print) (literal 1))))
